Standard Commons Logging discovery in action with spring-jcl: please remove commons-logging.jar from classpath in order to avoid potential conflicts

  .   ____          _            __ _ _
 /\\ / ___'_ __ _ _(_)_ __  __ _ \ \ \ \
( ( )\___ | '_ | '_| | '_ \/ _` | \ \ \ \
 \\/  ___)| |_)| | | | | || (_| |  ) ) ) )
  '  |____| .__|_| |_|_| |_\__, | / / / /
 =========|_|==============|___/=/_/_/_/
 :: Spring Boot ::                (v3.2.5)

2025-09-22T01:37:16.272+08:00  INFO 55060 --- [           main] e.seu.campus.server.ServerApplication    : Starting ServerApplication v0.0.1-SNAPSHOT using Java 21.0.8 with PID 55060 (D:\vCampus-Project1\vCampus-server\target\vcampus-server-0.0.1-SNAPSHOT.jar started by 14731 in D:\vCampus-Project1\vCampus-server)
2025-09-22T01:37:16.275+08:00  INFO 55060 --- [           main] e.seu.campus.server.ServerApplication    : No active profile set, falling back to 1 default profile: "default"
2025-09-22T01:37:17.263+08:00  WARN 55060 --- [           main] ConfigServletWebServerApplicationContext : Exception encountered during context initialization - cancelling refresh attempt: org.springframework.context.ApplicationContextException: Unable to start web server
2025-09-22T01:37:17.274+08:00  INFO 55060 --- [           main] .s.b.a.l.ConditionEvaluationReportLogger : 

Error starting ApplicationContext. To display the condition evaluation report re-run your application with 'debug' enabled.
2025-09-22T01:37:17.300+08:00 ERROR 55060 --- [           main] o.s.b.d.LoggingFailureAnalysisReporter   : 

***************************
APPLICATION FAILED TO START
***************************

Description:

Failed to bind properties under 'server.port' to java.lang.Integer:

    Property: server.port
    Value: "8080 # Spring Boot服务器监听的端口"
    Origin: class path resource [application.properties] from vcampus-server-0.0.1-SNAPSHOT.jar - 1:13
    Reason: failed to convert java.lang.String to java.lang.Integer (caused by java.lang.NumberFormatException: For input string: "8080#SpringBoot服务器监听的端口")

Action:

Update your application's configuration

